Current service.py content:
def balances(events):
    seen = set()
    postings = {}
    totals = {}
    cancelled = set()
    
    for event in events:
        # Process each globally unique message once
        if event['id'] in seen:
            continue
        seen.add(event['id'])
        
        if event['kind'] == 'post':
            account, amount = event['account'], event['amount']
            postings[event['id']] = (account, amount)
            totals.setdefault(account, 0)
            totals[account] += amount
        else:  # event['kind'] == 'retract'
            target = event['target']
            # A void notice neutralizes its referenced credit
            if target in cancelled:
                continue
            cancelled.add(target)
            if target in postings:
                account, amount = postings[target]
                totals[account] -= amount
            # If target is not in postings, no account is created (as per requirements)
            
    return totals

