Current file content:
def balances(events):
    seen, cancelled = set(), set()
    postings, totals = {}, {}
    for event in events:
        if event['id'] in seen:
            continue
        seen.add(event['id'])
        if event['kind'] == 'post':
            account, amount = event['account'], event['amount']
            postings[event['id']] = (account, amount)
            totals.setdefault(account, 0)
            totals[account] += amount
        else:
            target = event['target']
            if target in cancelled:
                continue
            cancelled.add(target)
            if target in postings:
                account, amount = postings[target]
                totals[account] -= amount
            # If target is not in postings, we don't create an account (as per requirements)
    return totals

---
Testing exact failing case:
p: {'id': 'p', 'kind': 'post', 'account': 'cash', 'amount': 7}
r: {'id': 'r', 'kind': 'retract', 'target': 'p'}
Result: {'cash': 0}
Expected: {"cash": 0}
